// Jest Snapshot v1, https://goo.gl/fbAQLP

exports[`App snapshot test 1`] = `
<div>
  <div
    className="nav-container"
  >
    <nav
      className="navbar"
    >
      <ul
        className="navbarElements"
      >
        <a
          href="/"
          onClick={[Function]}
        >
          <li
            className="left"
          >
            <img
              alt="Logo"
              src="logo.png"
            />
          </li>
        </a>
        <a
          href="/"
          onClick={[Function]}
        >
          <li>
            Home
          </li>
        </a>
        <a
          href="/societies"
          onClick={[Function]}
        >
          <li>
            Societies
          </li>
        </a>
        <a
          href="/logout"
          onClick={[Function]}
        >
          <li>
            Logout
          </li>
        </a>
        <a
          href="/profile"
          onClick={[Function]}
        >
          <li>
            Profile
          </li>
        </a>
        <a
          href="/contact"
          onClick={[Function]}
        >
          <li>
            Contact
          </li>
        </a>
        <a
          href="/purchase/future"
          onClick={[Function]}
        >
          <li>
            Purchase
          </li>
        </a>
        <a
          href="/basket"
          onClick={[Function]}
        >
          <li
            data-testid="basket-icon"
          >
            <img
              alt="Basket"
              src="basket.png"
            />
          </li>
        </a>
      </ul>
    </nav>
  </div>
  <div
    className="page-container"
  >
    <div
      className="underlay"
    />
    <div
      className="homePage"
      data-testid="home-component"
    >
      <div
        className="welcome"
        data-testid="welcome-message"
      >
        <h1>
          Welcome to Ticketopia!
        </h1>
      </div>
      <input
        className="searchBar"
        data-testid="search-bar"
        onChange={[Function]}
        onKeyDown={[Function]}
        placeholder="Search for events..."
        type="text"
        value=""
      />
      <div
        className="events"
        data-testid="events-list"
      />
    </div>
  </div>
</div>
`;
