// Jest Snapshot v1, https://goo.gl/fbAQLP

exports[`Contact snapshot test 1`] = `
<div
  className="page-container"
>
  <div
    className="underlay"
  />
  <h1
    className="title"
  >
    Who are we
  </h1>
  <p
    className="data"
  >
    we are an even contact@tiketopia.armtech.dev
  </p>
</div>
`;
