// Jest Snapshot v1, https://goo.gl/fbAQLP

exports[`Contact snapshot test 1`] = `
<div
  className="page-container"
>
  <div
    className="underlay"
  />
  <h1
    className="title"
  >
    Who are we?
  </h1>
  <p
    className="data"
  >
    <center>
      Welcome to Ticketopia, a ticket selling platform, designed specifically for university societies! Our mission is to provide a simple and effective way for societies to create events and sell tickets online.
      <br />
       
      <br />
      We understand the importance of a well-organized event, and the hassle of managing ticket sales manually. That's why we've created a user-friendly platform that allows societies to easily create and manage their events.
      <br />
       
      <br />
      With our platform, societies can easily set up an event page, customize ticket options, and track ticket sales in real-time.
      <br />
       
      <br />
      Our team is dedicated to providing excellent customer support, ensuring that your society has a seamless experience on our platform. We're always available to answer any questions or address any concerns that you may have.
      <br />
       
      <br />
      So whether you're planning a fundraising event, a social gathering, or a cultural celebration, our platform is here to help. Join our growing community of university societies today and start creating unforgettable events with ease!
    </center>
  </p>
  <div
    className="container"
  >
    <h1>
      Contact Us
    </h1>
    <form
      onSubmit={[Function]}
    >
      <div
        className="field"
      >
        <label
          htmlFor="customerName"
        >
          Your Name
        </label>
        <br />
        <input
          name="customerName"
          onBlur={[Function]}
          onChange={[Function]}
          type="text"
          value=""
        />
      </div>
      <div
        className="field"
      >
        <label
          htmlFor="customerEmail"
        >
          Your Email
        </label>
        <br />
        <input
          name="customerEmail"
          onBlur={[Function]}
          onChange={[Function]}
          type="text"
          value=""
        />
      </div>
      <div
        className="field"
      >
        <label
          htmlFor="messageSubject"
        >
          Subject of your query
        </label>
        <input
          name="messageSubject"
          onBlur={[Function]}
          onChange={[Function]}
          type="text"
          value=""
        />
      </div>
      <div
        className="field"
      >
        <label
          htmlFor="message"
        >
          Your query
        </label>
        <textarea
          id="message"
          name="message"
          onBlur={[Function]}
          onChange={[Function]}
          rows="8"
          type="text"
          value=""
        />
      </div>
      <button
        className="button"
        style={
          Object {
            "marginBottom": "8px",
          }
        }
      >
        Submit query
      </button>
    </form>
  </div>
</div>
`;
