// Jest Snapshot v1, https://goo.gl/fbAQLP

exports[`Event snapshot test 1`] = `
<div
  className="innerEventCard"
>
  <div
    className="imageCard"
  >
    <div
      className="image"
      style={
        Object {
          "backgroundImage": "url(undefined)",
        }
      }
    />
    <div
      className="eventName"
    />
    <div
      className="hiddenUntilHover"
    >
      <div
        className="imageOverlay"
      />
      <div
        className="eventDesc"
      />
      <div
        className="locationTime"
      >
         
      </div>
    </div>
  </div>
  <div
    className="society"
  >
    <div
      className="societyName"
    >
      Society Name
    </div>
    <div
      className="iconNext"
    >
      <div
        className="icon"
      />
    </div>
  </div>
</div>
`;
