// Jest Snapshot v1, https://goo.gl/fbAQLP

exports[`Event snapshot test 1`] = `
<div
  className="eventCard"
>
  <h3
    className="eventName"
  />
  <p
    className="eventDescription"
  />
  <b>
    <span
      className="eventDate"
    />
  </b>
  <b>
    <span
      className="eventLocation"
    />
  </b>
</div>
`;
