// Jest Snapshot v1, https://goo.gl/fbAQLP

exports[`Event snapshot test 1`] = `
<div
  className="eventCard"
  data-testid="eventCardID"
>
  <h3
    className="eventName"
    data-testid="eventNameID"
  />
  <p
    className="eventDescription"
    data-testid="eventDescriptionID"
  />
  <b>
    <span
      className="eventDate"
      data-testid="eventDateID"
    />
  </b>
  <b>
    <span
      className="eventLocation"
      data-testid="eventLocationID"
    />
  </b>
</div>
`;
