// Jest Snapshot v1, https://goo.gl/fbAQLP

exports[`Footer snapshot test 1`] = `
<footer
  className="footer"
>
  <ul>
    <li>
      <p>
        <a
          href="/about"
          onClick={[Function]}
        >
          About
        </a>
      </p>
    </li>
    <li>
      <p>
        <a
          href="/privacy"
          onClick={[Function]}
        >
          Privacy
        </a>
      </p>
    </li>
    <li>
      <p>
        <a
          href="/terms"
          onClick={[Function]}
        >
          Terms
        </a>
      </p>
    </li>
  </ul>
</footer>
`;
