// Jest Snapshot v1, https://goo.gl/fbAQLP

exports[`Home snapshot test 1`] = `
<div
  className="page-container"
>
  <div
    className="underlay"
  />
  <div
    className="homePage"
    data-testid="home-component"
  >
    <div
      className="welcome"
      data-testid="welcome-message"
    >
      <h1>
        Perfect Tickets? Perfect Time.
      </h1>
    </div>
    <div
      className="searchBarContainer"
    >
      <input
        className="searchBar"
        data-testid="search-bar"
        onChange={[Function]}
        onKeyDown={[Function]}
        placeholder="Search for events..."
        type="text"
        value=""
      />
    </div>
  </div>
</div>
`;
