// Jest Snapshot v1, https://goo.gl/fbAQLP

exports[`Login snapshot test 1`] = `
<div
  className="page-container"
>
  <div
    className="underlay"
  />
  <div
    className="container"
    disabled={false}
    id="LoginForm"
  >
    <h1>
      Log In
    </h1>
    <div
      className="field"
      style={
        Object {
          "height": "0.9em",
        }
      }
    >
      <label
        className="buttonLabel"
        onClick={[Function]}
      >
        Not A User? Sign Up
      </label>
      <br />
    </div>
    <div
      className="field"
    >
      <label
        htmlFor="email"
      >
        Email
      </label>
      <br />
      <input
        name="loginEmail"
        onChange={[Function]}
        required={true}
        type="email"
      />
    </div>
    <div
      className="field"
    >
      <label
        htmlFor="password"
      >
        Password
      </label>
      <br />
      <input
        minLength="8"
        name="loginPassword"
        onChange={[Function]}
        required={true}
        type="password"
      />
    </div>
    <div
      className="field"
      style={
        Object {
          "height": "0.9em",
          "marginBottom": "10px",
          "marginTop": 0,
          "textAlign": "right",
        }
      }
    >
      <label
        className="buttonLabel"
        onClick={[Function]}
      >
        Forgot Your Password?
      </label>
      <br />
    </div>
    <button
      className="button"
      name="loginbutton"
      onClick={[Function]}
    >
      Login
    </button>
  </div>
  <div
    className="container"
    disabled={true}
    id="SignUpForm"
  >
    <h1>
      Sign Up
    </h1>
    <div
      className="field"
      style={
        Object {
          "height": "0.9em",
        }
      }
    >
      <label
        className="buttonLabel"
        onClick={[Function]}
      >
        Already a User? Log In
      </label>
      <br />
    </div>
    <div
      className="field"
    >
      <label
        htmlFor="text"
      >
        Name
      </label>
      <br />
      <input
        minLength="3"
        name="signupName"
        onChange={[Function]}
        required={true}
        type="text"
      />
    </div>
    <div
      className="field"
    >
      <label
        htmlFor="email"
      >
        Email
      </label>
      <br />
      <input
        name="signupEmail"
        onChange={[Function]}
        required={true}
        type="email"
      />
    </div>
    <div
      className="field"
    >
      <label
        htmlFor="password"
      >
        Password
      </label>
      <br />
      <input
        minLength="8"
        name="signupPassword"
        onChange={[Function]}
        required={true}
        type="password"
      />
    </div>
    <div
      className="field"
    >
      <label
        htmlFor="confirmPassword"
      >
        Confirm Password
      </label>
      <br />
      <input
        name="signupConfirmPassword"
        onChange={[Function]}
        required={true}
        type="password"
      />
    </div>
    <button
      className="button"
      name="signup-button"
      onClick={[Function]}
    >
      Sign Up
    </button>
  </div>
  <div
    className="container"
    disabled={true}
    id="forgotForm"
  >
    <h1>
      Forgot Password
    </h1>
    <div
      className="field"
    >
      <label
        htmlFor="email"
      >
        Email
      </label>
      <br />
      <input
        name="forgotEmail"
        onChange={[Function]}
        required={true}
        type="email"
      />
    </div>
    <div
      className="field"
      style={
        Object {
          "height": "0.9em",
          "marginBottom": "10px",
          "marginTop": 0,
          "textAlign": "right",
        }
      }
    >
      <label
        className="buttonLabel"
        onClick={[Function]}
      >
        Remember Your Password?
      </label>
      <br />
    </div>
    <button
      className="button"
      name="forgot-button"
      onClick={[Function]}
    >
      Send Reset Password Email
    </button>
  </div>
  <div
    className="container"
    disabled={true}
    id="resetPasswordForm"
  >
    <h1>
      Reset Password
    </h1>
    <div
      className="field"
    >
      <label
        htmlFor="password"
      >
        Password
      </label>
      <br />
      <input
        minLength="8"
        name="resetPassword"
        onChange={[Function]}
        required={true}
        type="password"
      />
    </div>
    <div
      className="field"
    >
      <label
        htmlFor="confirmPassword"
      >
        Confirm Password
      </label>
      <br />
      <input
        name="resetConfirmPassword"
        onChange={[Function]}
        required={true}
        type="password"
      />
    </div>
    <button
      data-testid="reset"
      onClick={[Function]}
      type="submit"
    >
      Reset Password
    </button>
  </div>
  <div
    className="overlay"
    disabled={true}
  >
    <div
      className="container"
      id="popupForm"
    >
      <div
        className="field"
      >
        <label
          style={
            Object {
              "textAlign": "center",
            }
          }
        />
        <br />
      </div>
      <button
        onClick={[Function]}
        type="submit"
      >
        Close
      </button>
    </div>
  </div>
</div>
`;
