// Jest Snapshot v1, https://goo.gl/fbAQLP

exports[`Navbar snapshot test 1`] = `
<div
  className="nav-container"
>
  <nav
    className="navbar"
  >
    <ul
      className="left"
    >
      <a
        href="/"
        onClick={[Function]}
      >
        <li
          className="left"
        >
          <img
            alt="Logo"
            src="logo.png"
          />
        </li>
      </a>
      <a
        href="/"
        onClick={[Function]}
      >
        <li>
          Events
        </li>
      </a>
      <a
        href="/societies"
        onClick={[Function]}
      >
        <li>
          Societies
        </li>
      </a>
      <a
        href="/contact"
        onClick={[Function]}
      >
        <li>
          Contact
        </li>
      </a>
    </ul>
    <ul
      className="right"
    >
      <a
        href="/basket"
        onClick={[Function]}
      >
        <li>
          <img
            alt="Basket"
            src="basket.png"
          />
        </li>
      </a>
      <a
        href="/login"
        onClick={[Function]}
      >
        <li>
          Login / SignUp
        </li>
      </a>
    </ul>
  </nav>
  <nav
    className="mobile-navbar"
  >
    <ul
      className="left"
    >
      <a
        href="/"
        onClick={[Function]}
      >
        <li
          className="left"
        >
          <img
            alt="Logo"
            src="logo.png"
          />
        </li>
      </a>
    </ul>
    <ul
      className="right"
    >
      <a
        onClick={[Function]}
      >
        <li>
          <img
            alt="Basket"
            src="burger.png"
          />
        </li>
      </a>
    </ul>
    <div
      className="menu"
      id="notMenu"
      onClick={[Function]}
    />
    <div
      className=""
      id="menu"
    >
      <ul
        className="top"
      >
        <a
          onClick={[Function]}
        >
          <li>
            Close
          </li>
        </a>
        <a
          href="/"
          onClick={[Function]}
        >
          <li>
            Events
          </li>
        </a>
        <a
          href="/societies"
          onClick={[Function]}
        >
          <li>
            Societies
          </li>
        </a>
        <a
          href="/contact"
          onClick={[Function]}
        >
          <li>
            Contact
          </li>
        </a>
      </ul>
      <div
        className="menuSpacing"
      />
      <ul
        className="bottom"
      >
        <a
          href="/login"
          onClick={[Function]}
        >
          <li>
            Login / SignUp
          </li>
        </a>
        <a
          href="/basket"
          onClick={[Function]}
        >
          <li>
            Basket
          </li>
        </a>
      </ul>
    </div>
  </nav>
</div>
`;
