// Jest Snapshot v1, https://goo.gl/fbAQLP

exports[`Purchase snapshot test 1`] = `
<div
  className="page-container"
  data-testid="Purchase"
>
  <div
    className="underlay"
  />
  <hr />
  <hr />
  <h1>
    Upcoming Tickets
  </h1>
  <table
    className="purchase"
  >
    <thead>
      <tr>
        <th>
          Event Name
        </th>
        <th>
          Event Date
        </th>
        <th>
          Status
        </th>
        <th>
          Payment Method
        </th>
      </tr>
    </thead>
    <tbody />
  </table>
</div>
`;
