// Jest Snapshot v1, https://goo.gl/fbAQLP

exports[`SearchSocieties snapshot test 1`] = `
<div
  style={
    Object {
      "marginLeft": "8px",
      "marginTop": "60px",
    }
  }
>
  <h1>
    Societies
  </h1>
  <div
    data-testid="searchbar"
  >
    <input
      className="form-control my-4"
      name="query"
      onChange={[Function]}
      placeholder="Search for society..."
      type="text"
      value=""
    />
  </div>
  <div
    className="row"
  >
    <div
      className="col-2"
    >
      <ul
        className="list-group"
      >
        <li
          className="list-group-item"
          onClick={[Function]}
        >
          All
        </li>
        <li
          className="list-group-item"
          onClick={[Function]}
        >
          Sports
        </li>
        <li
          className="list-group-item"
          onClick={[Function]}
        >
          Academic
        </li>
        <li
          className="list-group-item"
          onClick={[Function]}
        >
          Social
        </li>
        <li
          className="list-group-item"
          onClick={[Function]}
        >
          Other
        </li>
      </ul>
    </div>
    <div
      className="col"
    >
      <table
        className="table"
      >
        <thead>
          <tr>
            <th>
              Name
            </th>
            <th>
              Category
            </th>
            <th>
              Followers
            </th>
            <th>
              Description
            </th>
          </tr>
        </thead>
        <tbody />
      </table>
      <div
        data-testid="pagination"
      >
        <nav>
          <ul
            className="pagination"
          />
        </nav>
      </div>
      <a
        href="/create-society"
        onClick={[Function]}
      >
        <button
          className="btn btn-primary"
          style={
            Object {
              "marginRight": "15px",
            }
          }
        >
          Create Society
        </button>
      </a>
      <a
        href="/edit-society"
        onClick={[Function]}
      >
        <button
          className="btn btn-primary"
        >
          Edit Society
        </button>
      </a>
    </div>
  </div>
</div>
`;
