// Jest Snapshot v1, https://goo.gl/fbAQLP

exports[`ViewSociety snapshot test 1`] = `
<div
  className="page-container"
  id="societyPage"
>
  <div
    className="underlay"
  />
  <div
    className="header"
  >
    <div
      className="image"
      style={
        Object {
          "backgroundImage": "url(undefined)",
        }
      }
    >
      <div
        className="bannerOverlay"
      />
    </div>
    <div
      className="identity"
    >
      <div
        className="icon"
      >
        <div
          className="logo"
          style={
            Object {
              "backgroundImage": "url(undefined)",
            }
          }
        />
      </div>
      <div
        className="name"
      />
      <div
        className="socials"
      >
        <a
          className="socialCircle"
        >
          <img
            alt="facebook"
            src="https://upload.wikimedia.org/wikipedia/commons/thumb/0/05/Facebook_Logo_%282019%29.png/1024px-Facebook_Logo_%282019%29.png"
          />
        </a>
        <a
          className="socialCircle"
        >
          <img
            alt="twitter"
            src="https://upload.wikimedia.org/wikipedia/commons/thumb/4/4f/Twitter-logo.svg/2491px-Twitter-logo.svg.png"
          />
        </a>
        <a
          className="socialCircle"
        >
          <img
            alt="instagram"
            src="https://upload.wikimedia.org/wikipedia/commons/thumb/e/e7/Instagram_logo_2016.svg/2048px-Instagram_logo_2016.svg.png"
          />
        </a>
        <a
          className="socialCircle"
        >
          <img
            alt="website"
            src="https://w7.pngwing.com/pngs/549/715/png-transparent-web-development-logo-website-web-design-symmetry-internet.png"
          />
        </a>
      </div>
    </div>
  </div>
  <div
    className="body"
  >
    <div
      className="description"
    >
      <p />
      <p>
        <strong>
          Category:
        </strong>
         
      </p>
      <p>
        <strong>
          Followers:
        </strong>
         
      </p>
    </div>
    <div
      className="events"
    >
      <h2>
        Events:
      </h2>
      <div
        className="events"
        data-testid="events-list"
      />
    </div>
  </div>
  <div
    style={
      Object {
        "backgroundColor": "#abc4ff",
        "borderColor": "gray",
        "borderRadius": 20,
        "borderWidth": 2,
      }
    }
  >
    <h3>
      <center>
        Contact: 
      </center>
    </h3>
    <form
      onSubmit={[Function]}
      style={
        Object {
          "marginLeft": 38,
          "width": "95%",
        }
      }
    >
      <div
        className="form-group"
      >
        <label
          htmlFor="customerName"
        >
          Your Name
        </label>
        <input
          className="form-control"
          name="customerName"
          onBlur={[Function]}
          onChange={[Function]}
          type="text"
          value=""
        />
      </div>
      <div
        className="form-group"
      >
        <label
          htmlFor="customerEmail"
        >
          Your Email
        </label>
        <input
          className="form-control"
          name="customerEmail"
          onBlur={[Function]}
          onChange={[Function]}
          type="text"
          value=""
        />
      </div>
      <div
        className="form-group"
      >
        <label
          htmlFor="messageSubject"
        >
          Subject of your query
        </label>
        <input
          className="form-control"
          name="messageSubject"
          onBlur={[Function]}
          onChange={[Function]}
          type="text"
          value=""
        />
      </div>
      <div
        className="form-group"
      >
        <label
          htmlFor="message"
        >
          Your query
        </label>
        <textarea
          className="form-control"
          cols="173"
          id="message"
          name="message"
          onBlur={[Function]}
          onChange={[Function]}
          rows="8"
          style={
            Object {
              "marginBottom": "8px",
            }
          }
          type="text"
          value=""
        />
      </div>
      <button
        className="button"
        style={
          Object {
            "marginBottom": "8px",
          }
        }
      >
        Submit query
      </button>
    </form>
  </div>
  <a
    href="/edit-society/undefined"
    onClick={[Function]}
  >
    <button
      className="button"
    >
      Edit Society
    </button>
  </a>
</div>
`;
